=== WhatsApp Validation Logic Test ===
Testing 5 cases:

Test 1: Sender number - should be valid
Number: 628114040707
Expected: VALID
--------------------------------------------------
  Validating: 628114040707 -> 628114040707
  API Response:             {"status":true,"data":{"jid":"628114040707@s.whatsapp.net","exists":true}}
  HTTP Code: 200
  Result:
    Success: YES
    Valid: YES
    Message: Nomor WhatsApp valid dan aktif
    Actual: VALID
  Γ£à PASSED

Test 2: Non-existent number - should be invalid
Number: 6287783043805
Expected: INVALID
--------------------------------------------------
  Validating: 6287783043805 -> 6287783043805
  HTTP Error: 400
  Response:             {"status":false,"msg":"Failed to check number!,check your connection!"}
  Result:
    Success: NO
    Valid: NO
    Message: Service WhatsApp tidak tersedia saat ini
    Actual: INVALID
  Γ£à PASSED

Test 3: Another non-existent number - should be invalid
Number: 6285156778999
Expected: INVALID
--------------------------------------------------
  Validating: 6285156778999 -> 6285156778999
  HTTP Error: 400
  Response:             {"status":false,"msg":"Failed to check number!,check your connection!"}
  Result:
    Success: NO
    Valid: NO
    Message: Service WhatsApp tidak tersedia saat ini
    Actual: INVALID
  Γ£à PASSED

Test 4: Local format non-existent number - should be invalid
Number: 087783043805
Expected: INVALID
--------------------------------------------------
  Validating: 087783043805 -> 6287783043805
  HTTP Error: 400
  Response:             {"status":false,"msg":"Failed to check number!,check your connection!"}
  Result:
    Success: NO
    Valid: NO
    Message: Service WhatsApp tidak tersedia saat ini
    Actual: INVALID
  Γ£à PASSED

Test 5: Local format valid number - should be valid
Number: 08114040707
Expected: VALID
--------------------------------------------------
  Validating: 08114040707 -> 628114040707
  API Response:             {"status":true,"data":{"jid":"628114040707@s.whatsapp.net","exists":true}}
  HTTP Code: 200
  Result:
    Success: YES
    Valid: YES
    Message: Nomor WhatsApp valid dan aktif
    Actual: VALID
  Γ£à PASSED

=== Test Summary ===
Passed: 5 / 5 tests
Success Rate: 100%

≡ƒÄë ALL TESTS PASSED! WhatsApp validation is working correctly.

=== Validation Logic Summary ===
Γ£à Valid WhatsApp numbers (status=true, exists=true): Allow registration
Γ¥î Invalid WhatsApp numbers (status=false or exists=false): Block registration
ΓÜá∩╕Å Service errors (HTTP != 200, timeouts, etc.): Block registration

The fix ensures that API response {"status":false,...} is properly treated as INVALID.
